<html>
<body>
<pre>
<h1>µVision Build Log</h1>
<h2>Project:</h2>
D:\git\STM32F103_fft_test\Project\FFT_Demo\RVMDK\FFT_Demo.uvproj
Project File Date:  03/30/2018

<h2>Output:</h2>
Build target 'STM3210B-EVAL'
compiling adc.c...
linking...
Program Size: Code=7560 RO-data=268 RW-data=28 ZI-data=4212  
".\Obj\STM3210B-EVAL.axf" - 0 Error(s), 0 Warning(s).
</pre>
</body>
</html>
ning:  #177-D: variable "j" was declared but never referenced
        char j[8];
..\src\main.c: 2 warnings, 0 errors
compiling adc.c...
compiling 24tft.c...
..\..\HARDWARE\LCD\24tft.c(383): warning:  #177-D: variable "j" was declared but never referenced
        unsigned int j;
..\..\HARDWARE\LCD\24tft.c(397): warning:  #177-D: variable "temp" was declared but never referenced
        unsigned char temp,pos;
..\..\HARDWARE\LCD\24tft.c(398): warning:  #177-D: variable "t" was declared but never referenced
        unsigned int t,i;  
..\..\HARDWARE\LCD\24tft.c(398): warning:  #177-D: variable "i" was declared but never referenced
        unsigned int t,i;  
..\..\HARDWARE\LCD\24tft.c(399): warning:  #177-D: variable "size" was declared but never referenced
        unsigned char size; 
..\..\HARDWARE\LCD\24tft.c: 5 warnings, 0 errors
linking...
.\Obj\STM3210B-EVAL.axf: Error: L6218E: Undefined symbol Get_Adc_Average (referred from main.o).
Not enough information to list image symbols.
Finished: 1 information, 0 warning and 1 error messages.
".\Obj\STM3210B-EVAL.axf" - 1 Error(s), 7 Warning(s).
Target not created
