<html>
<body>
<pre>
<h1>µVision Build Log</h1>
<h2>Project:</h2>
D:\git\STM32F103_fft_test\Project\FFT_Demo\RVMDK\FFT_Demo.uvproj
Project File Date:  03/30/2018

<h2>Output:</h2>
Build target 'STM3210B-EVAL'
compiling main.c...
linking...
Program Size: Code=11554 RO-data=2294 RW-data=28 ZI-data=14964  
".\Obj\STM3210B-EVAL.axf" - 0 Error(s), 0 Warning(s).
Load "D:\\git\\STM32F103_fft_test\\Project\\FFT_Demo\\RVMDK\\Obj\\STM3210B-EVAL.axf" 
Erase Done.
Programming Done.
Verify OK.
4964  
".\Obj\STM3210B-EVAL.axf" - 0 Error(s), 1 Warning(s).
a=28 ZI-data=14964  
".\Obj\STM3210B-EVAL.axf" - 0 Error(s), 2 Warning(s).
bj\STM3210B-EVAL.axf: Error: L6200E: Symbol LCD_WriteRegIndex multiply defined (by 24tft.o and stm3210b_lcd.o).
Not enough information to list image symbols.
Not enough information to list the image map.
Finished: 2 information, 0 warning and 1 error messages.
".\Obj\STM3210B-EVAL.axf" - 1 Error(s), 3 Warning(s).
Target not created

..\..\HARDWARE\LCD\24tft.c(393): warning:  #1-D: last line of file ends without a newline
  }
..\..\HARDWARE\LCD\24tft.c(383): warning:  #177-D: variable "j" was declared but never referenced
        unsigned int j;
..\..\HARDWARE\LCD\24tft.c: 3 warnings, 0 errors
linking...
.\Obj\STM3210B-EVAL.axf: Error: L6200E: Symbol LCD_WriteRegIndex multiply defined (by 24tft.o and stm3210b_lcd.o).
Not enough information to list image symbols.
Not enough information to list the image map.
Finished: 2 information, 0 warning and 1 error messages.
".\Obj\STM3210B-EVAL.axf" - 1 Error(s), 3 Warning(s).
Target not created
